// Jest Snapshot v1, https://goo.gl/fbAQLP

exports[`Form component renders Form 1`] = `
<Fragment>
  <form
    onSubmit={[Function]}
  >
    <input
      name="apiUrl"
      onChange={[Function]}
      placeholder="API Url"
      type="text"
      value="url"
    />
    <div>
      <label>
        <input
          className="radio"
          name="fetchMethod"
          onChange={[Function]}
          type="radio"
          value="GET"
        />
         
        <p>
          GET
        </p>
         
      </label>
      <label>
        <input
          className="radio"
          name="fetchMethod"
          onChange={[Function]}
          type="radio"
          value="POST"
        />
         
        <p>
          POST
        </p>
         
      </label>
      <label>
        <input
          className="radio"
          name="fetchMethod"
          onChange={[Function]}
          type="radio"
          value="PUT"
        />
         
        <p>
          PUT
        </p>
         
      </label>
      <label>
        <input
          className="radio"
          name="fetchMethod"
          onChange={[Function]}
          type="radio"
          value="PATCH"
        />
         
        <p>
          PATCH
        </p>
         
      </label>
      <label>
        <input
          className="radio"
          name="fetchMethod"
          onChange={[Function]}
          type="radio"
          value="DELETE"
        />
         
        <p>
          DELETE
        </p>
         
      </label>
    </div>
    <textarea
      name="fetchBody"
      onChange={[Function]}
      placeholder="Body"
      value="body"
    />
    <button>
      Go
    </button>
  </form>
</Fragment>
`;
